Java HotSpot(TM) 64-Bit Server VM (25.65-b01) for windows-amd64 JRE (1.8.0_65-b17), built on Oct  6 2015 16:39:20 by "java_re" with MS VC++ 10.0 (VS2010)
Memory: 4k page, physical 4105240k(393716k free), swap 12493848k(4816792k free)
CommandLine flags: -XX:InitialHeapSize=20971520 -XX:MaxHeapSize=20971520 -XX:MaxNewSize=10485760 -XX:NewSize=10485760 -XX:+PrintGC -XX:+PrintGCDetails -XX:+PrintGCTimeStamps -XX:+UseCompressedClassPointers -XX:+UseCompressedOops -XX:-UseLargePagesIndividualAllocation -XX:+UseSerialGC 
0.510: [GC (Allocation Failure) 0.511: [DefNew: 7292K->534K(9216K), 0.0101853 secs] 7292K->6678K(19456K), 0.0105446 secs] [Times: user=0.00 sys=0.00, real=0.01 secs] 
0.523: [GC (Allocation Failure) 0.523: [DefNew: 6837K->6837K(9216K), 0.0000289 secs]0.523: [Tenured: 6144K->4628K(10240K), 0.0067140 secs] 12981K->4628K(19456K), [Metaspace: 2640K->2640K(1056768K)], 0.0068730 secs] [Times: user=0.00 sys=0.00, real=0.01 secs] 
Heap
 def new generation   total 9216K, used 2130K [0x00000000fec00000, 0x00000000ff600000, 0x00000000ff600000)
  eden space 8192K,  26% used [0x00000000fec00000, 0x00000000fee14930, 0x00000000ff400000)
  from space 1024K,   0% used [0x00000000ff500000, 0x00000000ff500000, 0x00000000ff600000)
  to   space 1024K,   0% used [0x00000000ff400000, 0x00000000ff400000, 0x00000000ff500000)
 tenured generation   total 10240K, used 4628K [0x00000000ff600000, 0x0000000100000000, 0x0000000100000000)
   the space 10240K,  45% used [0x00000000ff600000, 0x00000000ffa85288, 0x00000000ffa85400, 0x0000000100000000)
 Metaspace       used 2646K, capacity 4486K, committed 4864K, reserved 1056768K
  class space    used 286K, capacity 386K, committed 512K, reserved 1048576K
